// Jest Snapshot v1, https://goo.gl/fbAQLP

exports[`Pruebas en GifGridItems  Debe mostrar Correctamente GifGridItems 1`] = `
<div
  className="card animate__animated animate__bounce animate__delay-1s"
>
  <p>
    Hola Soy Goku
  </p>
  <img
    alt="Hola Soy Goku"
    src="Hola Soy Goku"
  />
  ;
</div>
`;
